// Jest Snapshot v1, https://goo.gl/fbAQLP

exports[`should render LoginPage correctly 1`] = `
<div
  className="box-layout"
>
  <div
    className="box-layout__box"
  >
    <h1
      className="box-layout__title"
    >
      ניהול הוצאות
    </h1>
    <p>
      זה הזמן שההואצאות שלך יהיו תחת שליטה.
    </p>
    <button
      className="button"
    >
      התחבר עם חשבון גוגל
    </button>
  </div>
</div>
`;
